
+---------NN---------+
|                    |
|                    |
|                    |
|                    |
W                    E
|                    |
|                    |
|                    |
|                    |
+---------SS---------+
You are standing at the TARDIS.
There is nothing in this room.

>>> You are carrying:
Nothing.

>>> Check what? 
You don't have that!

>>> Check what? 
You don't have that!

>>> Check what? 
You don't have that!

>>> Check what? 
You are an adventurer, with a SKILL of 5 and a WILL of 5.
You are carrying:

Nothing.

With your items, you have a SKILL level of 5 and a WILL power of 5.

>>> Bye!
